// Jest Snapshot v1, https://goo.gl/fbAQLP

exports[`it matches snapshot 1`] = `
Object {
  "asFragment": [Function],
  "baseElement": <body>
    <div>
      <form
        class="form"
        data-testid="form"
      >
        <div
          class="form-categories-container"
        >
          <div
            class="form-category"
          >
            <label
              for="loan-size"
            >
              Loan Size
            </label>
            <input
              data-testid="loan-size"
              id="loan-size"
              name="loanSize"
              placeholder=""
              required=""
              type="text"
              value=""
            />
          </div>
          <div
            class="form-category select-container"
          >
            <label
              for="property-type"
            >
              Property Type
            </label>
            <select
              data-testid="property-type"
              id="property-type"
              name="propertyType"
            >
              <option
                value="SingleFamily"
              >
                Single Family
              </option>
              <option
                value="Condo"
              >
                Condo
              </option>
              <option
                value="Townhouse"
              >
                Townhouse
              </option>
              <option
                value="MultiFamily"
              >
                Multi Family
              </option>
            </select>
          </div>
          <div
            class="form-category"
          >
            <label
              for="credit-score"
            >
              Credit Score
            </label>
            <input
              data-testid="credit-score"
              id="credit-score"
              max="850"
              min="300"
              name="creditScore"
              placeholder=""
              required=""
              step="1"
              type="number"
              value=""
            />
          </div>
          <div
            class="form-category select-container"
          >
            <label
              for="occupancy"
            >
              Occupancy
            </label>
            <select
              data-testid="occupancy"
              id="occupancy"
              name="occupancy"
            >
              <option
                value="Primary"
              >
                Primary Residence
              </option>
              <option
                value="Secondary"
              >
                Secondary Residence
              </option>
              <option
                value="Investment"
              >
                Investment
              </option>
            </select>
          </div>
        </div>
        <button
          class="button"
          data-testid="button"
          type="submit"
        >
          Quote Rates
        </button>
      </form>
    </div>
  </body>,
  "container": <div>
    <form
      class="form"
      data-testid="form"
    >
      <div
        class="form-categories-container"
      >
        <div
          class="form-category"
        >
          <label
            for="loan-size"
          >
            Loan Size
          </label>
          <input
            data-testid="loan-size"
            id="loan-size"
            name="loanSize"
            placeholder=""
            required=""
            type="text"
            value=""
          />
        </div>
        <div
          class="form-category select-container"
        >
          <label
            for="property-type"
          >
            Property Type
          </label>
          <select
            data-testid="property-type"
            id="property-type"
            name="propertyType"
          >
            <option
              value="SingleFamily"
            >
              Single Family
            </option>
            <option
              value="Condo"
            >
              Condo
            </option>
            <option
              value="Townhouse"
            >
              Townhouse
            </option>
            <option
              value="MultiFamily"
            >
              Multi Family
            </option>
          </select>
        </div>
        <div
          class="form-category"
        >
          <label
            for="credit-score"
          >
            Credit Score
          </label>
          <input
            data-testid="credit-score"
            id="credit-score"
            max="850"
            min="300"
            name="creditScore"
            placeholder=""
            required=""
            step="1"
            type="number"
            value=""
          />
        </div>
        <div
          class="form-category select-container"
        >
          <label
            for="occupancy"
          >
            Occupancy
          </label>
          <select
            data-testid="occupancy"
            id="occupancy"
            name="occupancy"
          >
            <option
              value="Primary"
            >
              Primary Residence
            </option>
            <option
              value="Secondary"
            >
              Secondary Residence
            </option>
            <option
              value="Investment"
            >
              Investment
            </option>
          </select>
        </div>
      </div>
      <button
        class="button"
        data-testid="button"
        type="submit"
      >
        Quote Rates
      </button>
    </form>
  </div>,
  "debug": [Function],
  "findAllByAltText": [Function],
  "findAllByDisplayValue": [Function],
  "findAllByLabelText": [Function],
  "findAllByPlaceholderText": [Function],
  "findAllByRole": [Function],
  "findAllByTestId": [Function],
  "findAllByText": [Function],
  "findAllByTitle": [Function],
  "findByAltText": [Function],
  "findByDisplayValue": [Function],
  "findByLabelText": [Function],
  "findByPlaceholderText": [Function],
  "findByRole": [Function],
  "findByTestId": [Function],
  "findByText": [Function],
  "findByTitle": [Function],
  "getAllByAltText": [Function],
  "getAllByDisplayValue": [Function],
  "getAllByLabelText": [Function],
  "getAllByPlaceholderText": [Function],
  "getAllByRole": [Function],
  "getAllByTestId": [Function],
  "getAllByText": [Function],
  "getAllByTitle": [Function],
  "getByAltText": [Function],
  "getByDisplayValue": [Function],
  "getByLabelText": [Function],
  "getByPlaceholderText": [Function],
  "getByRole": [Function],
  "getByTestId": [Function],
  "getByText": [Function],
  "getByTitle": [Function],
  "queryAllByAltText": [Function],
  "queryAllByDisplayValue": [Function],
  "queryAllByLabelText": [Function],
  "queryAllByPlaceholderText": [Function],
  "queryAllByRole": [Function],
  "queryAllByTestId": [Function],
  "queryAllByText": [Function],
  "queryAllByTitle": [Function],
  "queryByAltText": [Function],
  "queryByDisplayValue": [Function],
  "queryByLabelText": [Function],
  "queryByPlaceholderText": [Function],
  "queryByRole": [Function],
  "queryByTestId": [Function],
  "queryByText": [Function],
  "queryByTitle": [Function],
  "rerender": [Function],
  "unmount": [Function],
}
`;
