// Jest Snapshot v1, https://goo.gl/fbAQLP

exports[`it matches snapshot 1`] = `
Object {
  "asFragment": [Function],
  "baseElement": <body>
    <div>
      <div
        class="table-container"
      >
        <table
          class="table"
          data-testid="table"
        >
          <thead>
            <tr>
              <th>
                LENDER
              </th>
              <th>
                PRODUCT
              </th>
              <th>
                RATE
              </th>
              <th>
                CLOSING
                <br />
                COSTS
              </th>
              <th>
                MONTHLY
                <br />
                PAYMENT
              </th>
              <th>
                APR
                <br />
              </th>
            </tr>
          </thead>
          <tbody />
        </table>
        <div
          class="fill-out-form-notice"
          data-testid="fill-out-form-notice"
        >
          Please fill out the form above to display your quotes
        </div>
      </div>
    </div>
  </body>,
  "container": <div>
    <div
      class="table-container"
    >
      <table
        class="table"
        data-testid="table"
      >
        <thead>
          <tr>
            <th>
              LENDER
            </th>
            <th>
              PRODUCT
            </th>
            <th>
              RATE
            </th>
            <th>
              CLOSING
              <br />
              COSTS
            </th>
            <th>
              MONTHLY
              <br />
              PAYMENT
            </th>
            <th>
              APR
              <br />
            </th>
          </tr>
        </thead>
        <tbody />
      </table>
      <div
        class="fill-out-form-notice"
        data-testid="fill-out-form-notice"
      >
        Please fill out the form above to display your quotes
      </div>
    </div>
  </div>,
  "debug": [Function],
  "findAllByAltText": [Function],
  "findAllByDisplayValue": [Function],
  "findAllByLabelText": [Function],
  "findAllByPlaceholderText": [Function],
  "findAllByRole": [Function],
  "findAllByTestId": [Function],
  "findAllByText": [Function],
  "findAllByTitle": [Function],
  "findByAltText": [Function],
  "findByDisplayValue": [Function],
  "findByLabelText": [Function],
  "findByPlaceholderText": [Function],
  "findByRole": [Function],
  "findByTestId": [Function],
  "findByText": [Function],
  "findByTitle": [Function],
  "getAllByAltText": [Function],
  "getAllByDisplayValue": [Function],
  "getAllByLabelText": [Function],
  "getAllByPlaceholderText": [Function],
  "getAllByRole": [Function],
  "getAllByTestId": [Function],
  "getAllByText": [Function],
  "getAllByTitle": [Function],
  "getByAltText": [Function],
  "getByDisplayValue": [Function],
  "getByLabelText": [Function],
  "getByPlaceholderText": [Function],
  "getByRole": [Function],
  "getByTestId": [Function],
  "getByText": [Function],
  "getByTitle": [Function],
  "queryAllByAltText": [Function],
  "queryAllByDisplayValue": [Function],
  "queryAllByLabelText": [Function],
  "queryAllByPlaceholderText": [Function],
  "queryAllByRole": [Function],
  "queryAllByTestId": [Function],
  "queryAllByText": [Function],
  "queryAllByTitle": [Function],
  "queryByAltText": [Function],
  "queryByDisplayValue": [Function],
  "queryByLabelText": [Function],
  "queryByPlaceholderText": [Function],
  "queryByRole": [Function],
  "queryByTestId": [Function],
  "queryByText": [Function],
  "queryByTitle": [Function],
  "rerender": [Function],
  "unmount": [Function],
}
`;
